[www.sdshiningdigital.com/Account/registration.html]
[backblue.gif]
[fade.gif]
[index.html]
[www.sdshiningdigital.com/scripts/components/bootstrap/dist/css/bootstrap.min.css]
[www.sdshiningdigital.com/scripts/components/font-awesome/css/font-awesome.min.css]
[www.sdshiningdigital.com/scripts/components/Ionicons/css/ionicons.min.css]
[www.sdshiningdigital.com/scripts/Theme/css/AdminLTE.min.css]
[www.sdshiningdigital.com/scripts/Theme/css/skins/_all-skins.min.css]
[www.sdshiningdigital.com/scripts/components/morris.js/morris.css]
[www.sdshiningdigital.com/scripts/components/jvectormap/jquery-jvectormap.css]
[www.sdshiningdigital.com/scripts/components/bootstrap-datepicker/dist/css/bootstrap-datepicker.min.css]
[www.sdshiningdigital.com/scripts/components/bootstrap-daterangepicker/daterangepicker.css]
[www.sdshiningdigital.com/Scripts/lib/plugins/Jq-Grid/CSS/ui.jqgrid-bootstrap.css]
[www.sdshiningdigital.com/scripts/plugins/bootstrap-wysihtml5/bootstrap3-wysihtml5.min.css]
[www.sdshiningdigital.com/Scripts/lib/plugins/select2/select.min.css]
[www.sdshiningdigital.com/Scripts/lib/plugins/select2/select2.css]
[www.sdshiningdigital.com/Scripts/lib/plugins/select2/selectize.css]
[www.sdshiningdigital.com/Scripts/lib/plugins/ui-grid/ui-grid.min.css]
[www.sdshiningdigital.com/Scripts/CSS/app.css]
[www.sdshiningdigital.com/css/custom.css]
[www.sdshiningdigital.com/css/slick.css]
[www.sdshiningdigital.com/css/slick-theme.css]
[www.sdshiningdigital.com/cdn.jsdelivr.net/animatecss/3.4.0/animate.min.css]
[www.sdshiningdigital.com/css/morphext.css]
[www.sdshiningdigital.com/img/sms.png]
[www.sdshiningdigital.com/img/ghari.jpg]
[www.sdshiningdigital.com/img/Shiningfuture.png]
[www.sdshiningdigital.com/img/shinelogo.png]
[www.sdshiningdigital.com/images/youtube.jpg]
[www.sdshiningdigital.com/account/registration-2.html]
[www.sdshiningdigital.com/img/frenchaisi.jpg]
[www.sdshiningdigital.com/Account/login.html]
[www.sdshiningdigital.com/cdn-cgi/scripts/5c5dd728/cloudflare-static/email-decode.min.js]
[www.sdshiningdigital.com/scripts/components/jquery/dist/jquery.min.js]
[www.sdshiningdigital.com/scripts/components/jquery-ui/jquery-ui.min.js]
[www.sdshiningdigital.com/Scripts/lib/plugins/Angular/angular.min.js]
[www.sdshiningdigital.com/Scripts/lib/plugins/Angular/Plugin/angular-animate.min.js]
[www.sdshiningdigital.com/Scripts/lib/plugins/Angular/Plugin/angular-aria.min.js]
[www.sdshiningdigital.com/Scripts/lib/plugins/Angular/Plugin/angular-confirm.min.js]
[www.sdshiningdigital.com/Scripts/lib/plugins/Angular/Plugin/angular-cookies.min.js]
[www.sdshiningdigital.com/Scripts/lib/plugins/Angular/Plugin/angular-loader.min.js]
[www.sdshiningdigital.com/Scripts/lib/plugins/Angular/Plugin/angular-messages.min.js]
[www.sdshiningdigital.com/Scripts/lib/plugins/Angular/Plugin/angular-message-format.min.js]
[www.sdshiningdigital.com/Scripts/lib/plugins/Angular/Plugin/angular-parse-ext.min.js]
[www.sdshiningdigital.com/Scripts/lib/plugins/Angular/Plugin/angular-resource.min.js]
[www.sdshiningdigital.com/Scripts/lib/plugins/Angular/Plugin/angular-route.min.js]
[www.sdshiningdigital.com/Scripts/lib/plugins/Angular/Plugin/angular-sanitize.min.js]
[www.sdshiningdigital.com/Scripts/lib/plugins/Angular/Plugin/angular-touch.min.js]
[www.sdshiningdigital.com/Scripts/lib/plugins/Angular/Plugin/i18n/ngLocale/angular-locale_en.js]
[www.sdshiningdigital.com/Scripts/lib/plugins/Angular/Plugin/ui-bootstrap-tpls-1.3.2.min.js]
[www.sdshiningdigital.com/Scripts/lib/plugins/Angular/Plugin/ng-file-upload-all.js]
[www.sdshiningdigital.com/Scripts/lib/plugins/Angular/Plugin/select2.js]
[www.sdshiningdigital.com/Scripts/lib/plugins/Angular/Plugin/angular-scenario.js]
[www.sdshiningdigital.com/Scripts/lib/plugins/ui-grid/ui-grid.min.js]
[www.sdshiningdigital.com/scripts/components/bootstrap/dist/js/bootstrap.min.js]
[www.sdshiningdigital.com/scripts/components/raphael/raphael.min.js]
[www.sdshiningdigital.com/scripts/components/morris.js/morris.min.js]
[www.sdshiningdigital.com/scripts/components/jquery-sparkline/dist/jquery.sparkline.min.js]
[www.sdshiningdigital.com/scripts/plugins/jvectormap/jquery-jvectormap-1.2.2.min.js]
[www.sdshiningdigital.com/scripts/plugins/jvectormap/jquery-jvectormap-world-mill-en.js]
[www.sdshiningdigital.com/scripts/components/jquery-knob/dist/jquery.knob.min.js]
[www.sdshiningdigital.com/scripts/components/moment/min/moment.min.js]
[www.sdshiningdigital.com/scripts/components/bootstrap-daterangepicker/daterangepicker.js]
[www.sdshiningdigital.com/scripts/components/bootstrap-datepicker/dist/js/bootstrap-datepicker.min.js]
[www.sdshiningdigital.com/scripts/plugins/bootstrap-wysihtml5/bootstrap3-wysihtml5.all.min.js]
[www.sdshiningdigital.com/scripts/components/jquery-slimscroll/jquery.slimscroll.min.js]
[www.sdshiningdigital.com/scripts/components/fastclick/lib/fastclick.js]
[www.sdshiningdigital.com/Scripts/Theme/js/adminlte.min.js]
[www.sdshiningdigital.com/Scripts/lib/plugins/Jq-Grid/jquery.jqGrid.min.js]
[www.sdshiningdigital.com/Scripts/lib/plugins/Jq-Grid/i18n/grid.locale-en.js]
[www.sdshiningdigital.com/Scripts/lib/plugins/ckeditor/ckeditor.js]
[www.sdshiningdigital.com/Scripts/lib/plugins/select2/select.min.js]
[www.sdshiningdigital.com/Scripts/Global.js]
[www.sdshiningdigital.com/Account/registration.html]
[www.sdshiningdigital.com/scripts/components/bootstrap/dist/css/bootstrap.min.css]
[www.sdshiningdigital.com/scripts/components/font-awesome/css/font-awesome.min.css]
[www.sdshiningdigital.com/scripts/components/Ionicons/css/ionicons.min.css]
[www.sdshiningdigital.com/scripts/Theme/img/boxed-bg.jpg]
[www.sdshiningdigital.com/scripts/Theme/css/AdminLTE.min.css]
[www.sdshiningdigital.com/scripts/Theme/css/skins/_all-skins.min.css]
[www.sdshiningdigital.com/scripts/components/morris.js/morris.css]
[www.sdshiningdigital.com/scripts/components/jvectormap/jquery-jvectormap.css]
[www.sdshiningdigital.com/scripts/components/bootstrap-datepicker/dist/css/bootstrap-datepicker.min.css]
[www.sdshiningdigital.com/scripts/components/bootstrap-daterangepicker/daterangepicker.css]
[www.sdshiningdigital.com/Scripts/lib/plugins/Jq-Grid/CSS/ui.jqgrid-bootstrap.css]
[www.sdshiningdigital.com/scripts/plugins/bootstrap-wysihtml5/bootstrap3-wysihtml5.min.css]
[www.sdshiningdigital.com/Scripts/lib/plugins/select2/select.min.css]
[www.sdshiningdigital.com/Scripts/lib/plugins/select2/select2.png]
[www.sdshiningdigital.com/Scripts/lib/plugins/select2/select2-spinner.gif]
[www.sdshiningdigital.com/Scripts/lib/plugins/select2/select2x2.png]
[www.sdshiningdigital.com/Scripts/lib/plugins/select2/select2.css]
[www.sdshiningdigital.com/Scripts/lib/plugins/select2/selectize.css]
[www.sdshiningdigital.com/Scripts/lib/plugins/ui-grid/ui-grid.eot]
[www.sdshiningdigital.com/Scripts/lib/plugins/ui-grid/ui-grid.woff]
[www.sdshiningdigital.com/Scripts/lib/plugins/ui-grid/ui-grid.ttf]
[www.sdshiningdigital.com/Scripts/lib/plugins/ui-grid/ui-gridd41d.svg]
[www.sdshiningdigital.com/Scripts/lib/plugins/ui-grid/ui-grid.min.css]
[www.sdshiningdigital.com/Content/ajax-loader.gif]
[www.sdshiningdigital.com/Content/sprite.png]
[www.sdshiningdigital.com/Scripts/CSS/app.css]
[www.sdshiningdigital.com/images/baner-bg.jpg]
[www.sdshiningdigital.com/images/paybills.png]
[www.sdshiningdigital.com/images/flight-slider.png]
[www.sdshiningdigital.com/images/hotel-slider.png]
[www.sdshiningdigital.com/images/bus-slider.png]
[www.sdshiningdigital.com/cdn.couponraja.in/images/pp-bull.jpg]
[www.sdshiningdigital.com/images/close-icon.png]
[www.sdshiningdigital.com/images/pop-bbck1.jpg]
[www.sdshiningdigital.com/css/images/loginpopup.html]
[www.sdshiningdigital.com/images/footer.png]
[www.sdshiningdigital.com/css/custom.css]
[www.sdshiningdigital.com/css/slick.css]
[www.sdshiningdigital.com/css/ajax-loader.gif]
[www.sdshiningdigital.com/css/slick-theme.css]
[www.sdshiningdigital.com/cdn.jsdelivr.net/animatecss/3.4.0/animate.min.html]
[www.sdshiningdigital.com/css/morphext.css]
[www.sdshiningdigital.com/account/registration-2.html]
[www.sdshiningdigital.com/img/mrc.jpg]
[www.sdshiningdigital.com/Account/login.html]
[www.sdshiningdigital.com/Scripts/lib/plugins/select2/select2-spinner.html]
[www.sdshiningdigital.com/Scripts/lib/plugins/select2/select2x2.html]
[www.sdshiningdigital.com/Scripts/lib/plugins/ui-grid/ui-grid.html]
[www.sdshiningdigital.com/Scripts/lib/plugins/ui-grid/ui-gridd41d.html]
[www.sdshiningdigital.com/cdn.couponraja.in/images/pp-bull.html]
[www.sdshiningdigital.com/css/images/loginpopup.html]
[www.sdshiningdigital.com/account/Forgetpwd.html]
[www.sdshiningdigital.com/account/Forgetpwd.html]
